../Libs/spiral_cube.c:18:6:SpiralCube_Handle	8	static
../Libs/spiral_cube.c:64:6:RollBiggestCounterClockWise_Handle	8	static
../Libs/spiral_cube.c:129:6:RollBiggerCounterClockWise_Handle	8	static
../Libs/spiral_cube.c:194:6:RollMediumCounterClockWise_Handle	8	static
../Libs/spiral_cube.c:259:6:RollSmallCounterClockWise_Handle	8	static
../Libs/spiral_cube.c:312:6:RollBiggestClockWise_Handle	8	static
../Libs/spiral_cube.c:363:6:RollBiggerClockWise_Handle	8	static
../Libs/spiral_cube.c:414:6:RollMediumClockWise_Handle	8	static
../Libs/spiral_cube.c:465:6:RollSmallClockWise_Handle	8	static
../Libs/spiral_cube.c:511:6:SpiralCube_Set_State	8	static
