Archive member included to satisfy reference by file (symbol)

c:/st/stm32cubeide_1.9.0/stm32cubeide/plugins/com.st.stm32cube.ide.mcu.externaltools.gnu-tools-for-stm32.10.3-2021.10.win32_1.0.0.202111181127/tools/bin/../lib/gcc/arm-none-eabi/10.3.1/../../../../arm-none-eabi/lib/thumb/v6-m/nofp\libc_nano.a(lib_a-errno.o)
                              ./Core/Src/syscalls.o (__errno)
c:/st/stm32cubeide_1.9.0/stm32cubeide/plugins/com.st.stm32cube.ide.mcu.externaltools.gnu-tools-for-stm32.10.3-2021.10.win32_1.0.0.202111181127/tools/bin/../lib/gcc/arm-none-eabi/10.3.1/../../../../arm-none-eabi/lib/thumb/v6-m/nofp\libc_nano.a(lib_a-exit.o)
                              c:/st/stm32cubeide_1.9.0/stm32cubeide/plugins/com.st.stm32cube.ide.mcu.externaltools.gnu-tools-for-stm32.10.3-2021.10.win32_1.0.0.202111181127/tools/bin/../lib/gcc/arm-none-eabi/10.3.1/../../../../arm-none-eabi/lib/thumb/v6-m/nofp/crt0.o (exit)
c:/st/stm32cubeide_1.9.0/stm32cubeide/plugins/com.st.stm32cube.ide.mcu.externaltools.gnu-tools-for-stm32.10.3-2021.10.win32_1.0.0.202111181127/tools/bin/../lib/gcc/arm-none-eabi/10.3.1/../../../../arm-none-eabi/lib/thumb/v6-m/nofp\libc_nano.a(lib_a-impure.o)
                              c:/st/stm32cubeide_1.9.0/stm32cubeide/plugins/com.st.stm32cube.ide.mcu.externaltools.gnu-tools-for-stm32.10.3-2021.10.win32_1.0.0.202111181127/tools/bin/../lib/gcc/arm-none-eabi/10.3.1/../../../../arm-none-eabi/lib/thumb/v6-m/nofp\libc_nano.a(lib_a-exit.o) (_global_impure_ptr)
c:/st/stm32cubeide_1.9.0/stm32cubeide/plugins/com.st.stm32cube.ide.mcu.externaltools.gnu-tools-for-stm32.10.3-2021.10.win32_1.0.0.202111181127/tools/bin/../lib/gcc/arm-none-eabi/10.3.1/../../../../arm-none-eabi/lib/thumb/v6-m/nofp\libc_nano.a(lib_a-init.o)
                              c:/st/stm32cubeide_1.9.0/stm32cubeide/plugins/com.st.stm32cube.ide.mcu.externaltools.gnu-tools-for-stm32.10.3-2021.10.win32_1.0.0.202111181127/tools/bin/../lib/gcc/arm-none-eabi/10.3.1/../../../../arm-none-eabi/lib/thumb/v6-m/nofp/crt0.o (__libc_init_array)
c:/st/stm32cubeide_1.9.0/stm32cubeide/plugins/com.st.stm32cube.ide.mcu.externaltools.gnu-tools-for-stm32.10.3-2021.10.win32_1.0.0.202111181127/tools/bin/../lib/gcc/arm-none-eabi/10.3.1/../../../../arm-none-eabi/lib/thumb/v6-m/nofp\libc_nano.a(lib_a-memcpy-stub.o)
                              ./Core/Src/main.o (memcpy)
c:/st/stm32cubeide_1.9.0/stm32cubeide/plugins/com.st.stm32cube.ide.mcu.externaltools.gnu-tools-for-stm32.10.3-2021.10.win32_1.0.0.202111181127/tools/bin/../lib/gcc/arm-none-eabi/10.3.1/../../../../arm-none-eabi/lib/thumb/v6-m/nofp\libc_nano.a(lib_a-memset.o)
                              c:/st/stm32cubeide_1.9.0/stm32cubeide/plugins/com.st.stm32cube.ide.mcu.externaltools.gnu-tools-for-stm32.10.3-2021.10.win32_1.0.0.202111181127/tools/bin/../lib/gcc/arm-none-eabi/10.3.1/../../../../arm-none-eabi/lib/thumb/v6-m/nofp/crt0.o (memset)
c:/st/stm32cubeide_1.9.0/stm32cubeide/plugins/com.st.stm32cube.ide.mcu.externaltools.gnu-tools-for-stm32.10.3-2021.10.win32_1.0.0.202111181127/tools/bin/../lib/gcc/arm-none-eabi/10.3.1/../../../../arm-none-eabi/lib/thumb/v6-m/nofp\libc_nano.a(lib_a-rand.o)
                              ./Libs/random_rain_cube.o (srand)
c:/st/stm32cubeide_1.9.0/stm32cubeide/plugins/com.st.stm32cube.ide.mcu.externaltools.gnu-tools-for-stm32.10.3-2021.10.win32_1.0.0.202111181127/tools/bin/../lib/gcc/arm-none-eabi/10.3.1/../../../../arm-none-eabi/lib/thumb/v6-m/nofp\libc_nano.a(lib_a-assert.o)
                              c:/st/stm32cubeide_1.9.0/stm32cubeide/plugins/com.st.stm32cube.ide.mcu.externaltools.gnu-tools-for-stm32.10.3-2021.10.win32_1.0.0.202111181127/tools/bin/../lib/gcc/arm-none-eabi/10.3.1/../../../../arm-none-eabi/lib/thumb/v6-m/nofp\libc_nano.a(lib_a-rand.o) (__assert_func)
c:/st/stm32cubeide_1.9.0/stm32cubeide/plugins/com.st.stm32cube.ide.mcu.externaltools.gnu-tools-for-stm32.10.3-2021.10.win32_1.0.0.202111181127/tools/bin/../lib/gcc/arm-none-eabi/10.3.1/../../../../arm-none-eabi/lib/thumb/v6-m/nofp\libc_nano.a(lib_a-fprintf.o)
                              c:/st/stm32cubeide_1.9.0/stm32cubeide/plugins/com.st.stm32cube.ide.mcu.externaltools.gnu-tools-for-stm32.10.3-2021.10.win32_1.0.0.202111181127/tools/bin/../lib/gcc/arm-none-eabi/10.3.1/../../../../arm-none-eabi/lib/thumb/v6-m/nofp\libc_nano.a(lib_a-assert.o) (fiprintf)
c:/st/stm32cubeide_1.9.0/stm32cubeide/plugins/com.st.stm32cube.ide.mcu.externaltools.gnu-tools-for-stm32.10.3-2021.10.win32_1.0.0.202111181127/tools/bin/../lib/gcc/arm-none-eabi/10.3.1/../../../../arm-none-eabi/lib/thumb/v6-m/nofp\libc_nano.a(lib_a-malloc.o)
                              c:/st/stm32cubeide_1.9.0/stm32cubeide/plugins/com.st.stm32cube.ide.mcu.externaltools.gnu-tools-for-stm32.10.3-2021.10.win32_1.0.0.202111181127/tools/bin/../lib/gcc/arm-none-eabi/10.3.1/../../../../arm-none-eabi/lib/thumb/v6-m/nofp\libc_nano.a(lib_a-rand.o) (malloc)
[...]
Memory Configuration

Name             Origin             Length             Attributes
RAM              0x0000000020000000 0x0000000000001800 xrw
FLASH            0x0000000008000000 0x0000000000008000 xr
*default*        0x0000000000000000 0xffffffffffffffff

Linker script and memory map

LOAD c:/st/stm32cubeide_1.9.0/stm32cubeide/plugins/com.st.stm32cube.ide.mcu.externaltools.gnu-tools-for-stm32.10.3-2021.10.win32_1.0.0.202111181127/tools/bin/../lib/gcc/arm-none-eabi/10.3.1/thumb/v6-m/nofp/crti.o
LOAD c:/st/stm32cubeide_1.9.0/stm32cubeide/plugins/com.st.stm32cube.ide.mcu.externaltools.gnu-tools-for-stm32.10.3-2021.10.win32_1.0.0.202111181127/tools/bin/../lib/gcc/arm-none-eabi/10.3.1/thumb/v6-m/nofp/crtbegin.o
LOAD c:/st/stm32cubeide_1.9.0/stm32cubeide/plugins/com.st.stm32cube.ide.mcu.externaltools.gnu-tools-for-stm32.10.3-2021.10.win32_1.0.0.202111181127/tools/bin/../lib/gcc/arm-none-eabi/10.3.1/../../../../arm-none-eabi/lib/thumb/v6-m/nofp/crt0.o
LOAD ./Core/Src/main.o
LOAD ./Core/Src/stm32f0xx_hal_msp.o
LOAD ./Core/Src/stm32f0xx_it.o
LOAD ./Core/Src/syscalls.o
LOAD ./Core/Src/sysmem.o
LOAD ./Core/Src/system_stm32f0xx.o
LOAD ./Core/Startup/startup_stm32f042f6px.o
LOAD ./Drivers/STM32F0xx_HAL_Driver/Src/stm32f0xx_hal.o
LOAD ./Drivers/STM32F0xx_HAL_Driver/Src/stm32f0xx_hal_cortex.o
LOAD ./Drivers/STM32F0xx_HAL_Driver/Src/stm32f0xx_hal_dma.o
LOAD ./Drivers/STM32F0xx_HAL_Driver/Src/stm32f0xx_hal_exti.o
LOAD ./Drivers/STM32F0xx_HAL_Driver/Src/stm32f0xx_hal_flash.o
LOAD ./Drivers/STM32F0xx_HAL_Driver/Src/stm32f0xx_hal_flash_ex.o
LOAD ./Drivers/STM32F0xx_HAL_Driver/Src/stm32f0xx_hal_gpio.o
LOAD ./Drivers/STM32F0xx_HAL_Driver/Src/stm32f0xx_hal_i2c.o
LOAD ./Drivers/STM32F0xx_HAL_Driver/Src/stm32f0xx_hal_i2c_ex.o
LOAD ./Drivers/STM32F0xx_HAL_Driver/Src/stm32f0xx_hal_pwr.o
LOAD ./Drivers/STM32F0xx_HAL_Driver/Src/stm32f0xx_hal_pwr_ex.o
LOAD ./Drivers/STM32F0xx_HAL_Driver/Src/stm32f0xx_hal_rcc.o
LOAD ./Drivers/STM32F0xx_HAL_Driver/Src/stm32f0xx_hal_rcc_ex.o
LOAD ./Drivers/STM32F0xx_HAL_Driver/Src/stm32f0xx_hal_spi.o
LOAD ./Drivers/STM32F0xx_HAL_Driver/Src/stm32f0xx_hal_spi_ex.o
LOAD ./Drivers/STM32F0xx_HAL_Driver/Src/stm32f0xx_hal_tim.o
LOAD ./Drivers/STM32F0xx_HAL_Driver/Src/stm32f0xx_hal_tim_ex.o
LOAD ./Drivers/STM32F0xx_HAL_Driver/Src/stm32f0xx_hal_uart.o
LOAD ./Drivers/STM32F0xx_HAL_Driver/Src/stm32f0xx_hal_uart_ex.o
LOAD ./Libs/around_edge_cube.o
LOAD ./Libs/button.o
LOAD ./Libs/clear_cube.o
LOAD ./Libs/count_down_cube.o
LOAD ./Libs/diagonal_cube.o
LOAD ./Libs/grow_shrink_cube.o
LOAD ./Libs/led_cube_handle.o
LOAD ./Libs/light_cube.o
LOAD ./Libs/plane_cube.o
LOAD ./Libs/random_rain_cube.o
LOAD ./Libs/transmit_data.o
START GROUP
LOAD c:/st/stm32cubeide_1.9.0/stm32cubeide/plugins/com.st.stm32cube.ide.mcu.externaltools.gnu-tools-for-stm32.10.3-2021.10.win32_1.0.0.202111181127/tools/bin/../lib/gcc/arm-none-eabi/10.3.1/../../../../arm-none-eabi/lib/thumb/v6-m/nofp\libc_nano.a
LOAD c:/st/stm32cubeide_1.9.0/stm32cubeide/plugins/com.st.stm32cube.ide.mcu.externaltools.gnu-tools-for-stm32.10.3-2021.10.win32_1.0.0.202111181127/tools/bin/../lib/gcc/arm-none-eabi/10.3.1/../../../../arm-none-eabi/lib/thumb/v6-m/nofp\libm.a
END GROUP
START GROUP
LOAD c:/st/stm32cubeide_1.9.0/stm32cubeide/plugins/com.st.stm32cube.ide.mcu.externaltools.gnu-tools-for-stm32.10.3-2021.10.win32_1.0.0.202111181127/tools/bin/../lib/gcc/arm-none-eabi/10.3.1/thumb/v6-m/nofp\libgcc.a
LOAD c:/st/stm32cubeide_1.9.0/stm32cubeide/plugins/com.st.stm32cube.ide.mcu.externaltools.gnu-tools-for-stm32.10.3-2021.10.win32_1.0.0.202111181127/tools/bin/../lib/gcc/arm-none-eabi/10.3.1/../../../../arm-none-eabi/lib/thumb/v6-m/nofp\libc_nano.a
END GROUP
START GROUP
LOAD c:/st/stm32cubeide_1.9.0/stm32cubeide/plugins/com.st.stm32cube.ide.mcu.externaltools.gnu-tools-for-stm32.10.3-2021.10.win32_1.0.0.202111181127/tools/bin/../lib/gcc/arm-none-eabi/10.3.1/thumb/v6-m/nofp\libgcc.a
LOAD c:/st/stm32cubeide_1.9.0/stm32cubeide/plugins/com.st.stm32cube.ide.mcu.externaltools.gnu-tools-for-stm32.10.3-2021.10.win32_1.0.0.202111181127/tools/bin/../lib/gcc/arm-none-eabi/10.3.1/../../../../arm-none-eabi/lib/thumb/v6-m/nofp\libc_nano.a
LOAD c:/st/stm32cubeide_1.9.0/stm32cubeide/plugins/com.st.stm32cube.ide.mcu.externaltools.gnu-tools-for-stm32.10.3-2021.10.win32_1.0.0.202111181127/tools/bin/../lib/gcc/arm-none-eabi/10.3.1/../../../../arm-none-eabi/lib/thumb/v6-m/nofp\libnosys.a
END GROUP
START GROUP
LOAD c:/st/stm32cubeide_1.9.0/stm32cubeide/plugins/com.st.stm32cube.ide.mcu.externaltools.gnu-tools-for-stm32.10.3-2021.10.win32_1.0.0.202111181127/tools/bin/../lib/gcc/arm-none-eabi/10.3.1/thumb/v6-m/nofp\libgcc.a
LOAD c:/st/stm32cubeide_1.9.0/stm32cubeide/plugins/com.st.stm32cube.ide.mcu.externaltools.gnu-tools-for-stm32.10.3-2021.10.win32_1.0.0.202111181127/tools/bin/../lib/gcc/arm-none-eabi/10.3.1/../../../../arm-none-eabi/lib/thumb/v6-m/nofp\libc_nano.a
LOAD c:/st/stm32cubeide_1.9.0/stm32cubeide/plugins/com.st.stm32cube.ide.mcu.externaltools.gnu-tools-for-stm32.10.3-2021.10.win32_1.0.0.202111181127/tools/bin/../lib/gcc/arm-none-eabi/10.3.1/../../../../arm-none-eabi/lib/thumb/v6-m/nofp\libnosys.a
END GROUP
LOAD c:/st/stm32cubeide_1.9.0/stm32cubeide/plugins/com.st.stm32cube.ide.mcu.externaltools.gnu-tools-for-stm32.10.3-2021.10.win32_1.0.0.202111181127/tools/bin/../lib/gcc/arm-none-eabi/10.3.1/thumb/v6-m/nofp/crtend.o
LOAD c:/st/stm32cubeide_1.9.0/stm32cubeide/plugins/com.st.stm32cube.ide.mcu.externaltools.gnu-tools-for-stm32.10.3-2021.10.win32_1.0.0.202111181127/tools/bin/../lib/gcc/arm-none-eabi/10.3.1/thumb/v6-m/nofp/crtn.o
                0x0000000020001800                _estack = (ORIGIN (RAM) + LENGTH (RAM))
                0x0000000000000200                _Min_Heap_Size = 0x200
                0x0000000000000400                _Min_Stack_Size = 0x400

.isr_vector     0x0000000008000000       0xc0
                0x0000000008000000                . = ALIGN (0x4)
 *(.isr_vector)
 .isr_vector    0x0000000008000000       0xc0 ./Core/Startup/startup_stm32f042f6px.o
                0x0000000008000000                g_pfnVectors
                0x00000000080000c0                . = ALIGN (0x4)

.text           0x00000000080000c0     0x50d8
                0x00000000080000c0                . = ALIGN (0x4)
 *(.text)
 .text          0x00000000080000c0       0x48 c:/st/stm32cubeide_1.9.0/stm32cubeide/plugins/com.st.stm32cube.ide.mcu.externaltools.gnu-tools-for-stm32.10.3-2021.10.win32_1.0.0.202111181127/tools/bin/../lib/gcc/arm-none-eabi/10.3.1/thumb/v6-m/nofp/crtbegin.o
 .text          0x0000000008000108      0x114 c:/st/stm32cubeide_1.9.0/stm32cubeide/plugins/com.st.stm32cube.ide.mcu.externaltools.gnu-tools-for-stm32.10.3-2021.10.win32_1.0.0.202111181127/tools/bin/../lib/gcc/arm-none-eabi/10.3.1/thumb/v6-m/nofp\libgcc.a(_udivsi3.o)
                0x0000000008000108                __aeabi_uidiv
                0x0000000008000108                __udivsi3
                0x0000000008000214                __aeabi_uidivmod
 .text          0x000000000800021c        0x4 c:/st/stm32cubeide_1.9.0/stm32cubeide/plugins/com.st.stm32cube.ide.mcu.externaltools.gnu-tools-for-stm32.10.3-2021.10.win32_1.0.0.202111181127/tools/bin/../lib/gcc/arm-none-eabi/10.3.1/thumb/v6-m/nofp\libgcc.a(_dvmd_tls.o)
                0x000000000800021c                __aeabi_idiv0
                0x000000000800021c                __aeabi_ldiv0
 *(.text*)
 .text.main     0x0000000008000220       0x60 ./Core/Src/main.o
                0x0000000008000220                main
 .text.SystemClock_Config
                0x0000000008000280       0xbe ./Core/Src/main.o
                0x0000000008000280                SystemClock_Config
 *fill*         0x000000000800033e        0x2 
 .text.MX_SPI1_Init
                0x0000000008000340       0x7c ./Core/Src/main.o
 .text.MX_USART1_UART_Init
                0x00000000080003bc       0x60 ./Core/Src/main.o
 .text.MX_GPIO_Init
                0x000000000800041c       0xb0 ./Core/Src/main.o
 .text.Error_Handler
                0x00000000080004cc        0xa ./Core/Src/main.o
                0x00000000080004cc                Error_Handler
 *fill*         0x00000000080004d6        0x2 
 .text.HAL_MspInit
                0x00000000080004d8       0x48 ./Core/Src/stm32f0xx_hal_msp.o
                0x00000000080004d8                HAL_MspInit
 .text.HAL_SPI_MspInit
                0x0000000008000520       0x98 ./Core/Src/stm32f0xx_hal_msp.o
                0x0000000008000520                HAL_SPI_MspInit
 .text.HAL_UART_MspInit
                0x00000000080005b8       0xac ./Core/Src/stm32f0xx_hal_msp.o
                0x00000000080005b8                HAL_UART_MspInit
 .text.NMI_Handler
                0x0000000008000664        0x6 ./Core/Src/stm32f0xx_it.o
                0x0000000008000664                NMI_Handler
 .text.HardFault_Handler
                0x000000000800066a        0x6 ./Core/Src/stm32f0xx_it.o
                0x000000000800066a                HardFault_Handler
 .text.SVC_Handler
                0x0000000008000670        0xa ./Core/Src/stm32f0xx_it.o
                0x0000000008000670                SVC_Handler
 .text.PendSV_Handler
                0x000000000800067a        0xa ./Core/Src/stm32f0xx_it.o
                0x000000000800067a                PendSV_Handler
 .text.SysTick_Handler
                0x0000000008000684        0xe ./Core/Src/stm32f0xx_it.o
                0x0000000008000684                SysTick_Handler
 *fill*         0x0000000008000692        0x2 
 .text.USART1_IRQHandler
                0x0000000008000694       0x18 ./Core/Src/stm32f0xx_it.o
                0x0000000008000694                USART1_IRQHandler
 .text.SystemInit
                0x00000000080006ac        0xa ./Core/Src/system_stm32f0xx.o
                0x00000000080006ac                SystemInit
 *fill*         0x00000000080006b6        0x2 
 .text.Reset_Handler
                0x00000000080006b8       0x80 ./Core/Startup/startup_stm32f042f6px.o
                0x00000000080006b8                Reset_Handler
 .text.Default_Handler
                0x0000000008000738        0x2 ./Core/Startup/startup_stm32f042f6px.o
                0x0000000008000738                TIM1_CC_IRQHandler
                0x0000000008000738                TSC_IRQHandler
                0x0000000008000738                I2C1_IRQHandler
                0x0000000008000738                RCC_CRS_IRQHandler
                0x0000000008000738                SPI1_IRQHandler
                0x0000000008000738                EXTI2_3_IRQHandler
                0x0000000008000738                ADC1_IRQHandler
                0x0000000008000738                TIM17_IRQHandler
                0x0000000008000738                CEC_CAN_IRQHandler
                0x0000000008000738                RTC_IRQHandler
                0x0000000008000738                PVD_VDDIO2_IRQHandler
                0x0000000008000738                TIM16_IRQHandler
                0x0000000008000738                TIM3_IRQHandler
                0x0000000008000738                EXTI4_15_IRQHandler
                0x0000000008000738                DMA1_Channel1_IRQHandler
                0x0000000008000738                Default_Handler
                0x0000000008000738                TIM14_IRQHandler
                0x0000000008000738                DMA1_Channel4_5_IRQHandler
                0x0000000008000738                EXTI0_1_IRQHandler
                0x0000000008000738                USB_IRQHandler
                0x0000000008000738                SPI2_IRQHandler
                0x0000000008000738                WWDG_IRQHandler
                0x0000000008000738                TIM2_IRQHandler
                0x0000000008000738                DMA1_Channel2_3_IRQHandler
                0x0000000008000738                USART2_IRQHandler
                0x0000000008000738                FLASH_IRQHandler
                0x0000000008000738                TIM1_BRK_UP_TRG_COM_IRQHandler
 *fill*         0x000000000800073a        0x2 
 .text.HAL_Init
                0x000000000800073c       0x28 ./Drivers/STM32F0xx_HAL_Driver/Src/stm32f0xx_hal.o
                0x000000000800073c                HAL_Init
 .text.HAL_InitTick
                0x0000000008000764       0x68 ./Drivers/STM32F0xx_HAL_Driver/Src/stm32f0xx_hal.o
                0x0000000008000764                HAL_InitTick
 .text.HAL_IncTick
                0x00000000080007cc       0x24 ./Drivers/STM32F0xx_HAL_Driver/Src/stm32f0xx_hal.o
                0x00000000080007cc                HAL_IncTick
 .text.HAL_GetTick
                0x00000000080007f0       0x14 ./Drivers/STM32F0xx_HAL_Driver/Src/stm32f0xx_hal.o
                0x00000000080007f0                HAL_GetTick
 .text.__NVIC_EnableIRQ
                0x0000000008000804       0x34 ./Drivers/STM32F0xx_HAL_Driver/Src/stm32f0xx_hal_cortex.o
 .text.__NVIC_SetPriority
                0x0000000008000838       0xdc ./Drivers/STM32F0xx_HAL_Driver/Src/stm32f0xx_hal_cortex.o
 .text.SysTick_Config
                0x0000000008000914       0x48 ./Drivers/STM32F0xx_HAL_Driver/Src/stm32f0xx_hal_cortex.o
 .text.HAL_NVIC_SetPriority
                0x000000000800095c       0x2a ./Drivers/STM32F0xx_HAL_Driver/Src/stm32f0xx_hal_cortex.o
                0x000000000800095c                HAL_NVIC_SetPriority
 .text.HAL_NVIC_EnableIRQ
                0x0000000008000986       0x20 ./Drivers/STM32F0xx_HAL_Driver/Src/stm32f0xx_hal_cortex.o
                0x0000000008000986                HAL_NVIC_EnableIRQ
 .text.HAL_SYSTICK_Config
                0x00000000080009a6       0x1a ./Drivers/STM32F0xx_HAL_Driver/Src/stm32f0xx_hal_cortex.o
                0x00000000080009a6                HAL_SYSTICK_Config
 .text.HAL_DMA_Abort
                0x00000000080009c0       0x70 ./Drivers/STM32F0xx_HAL_Driver/Src/stm32f0xx_hal_dma.o
                0x00000000080009c0                HAL_DMA_Abort
 .text.HAL_DMA_Abort_IT
                0x0000000008000a30       0x8a ./Drivers/STM32F0xx_HAL_Driver/Src/stm32f0xx_hal_dma.o
                0x0000000008000a30                HAL_DMA_Abort_IT
 *fill*         0x0000000008000aba        0x2 
 .text.HAL_GPIO_Init
                0x0000000008000abc      0x2d0 ./Drivers/STM32F0xx_HAL_Driver/Src/stm32f0xx_hal_gpio.o
                0x0000000008000abc                HAL_GPIO_Init
 .text.HAL_GPIO_ReadPin
                0x0000000008000d8c       0x3a ./Drivers/STM32F0xx_HAL_Driver/Src/stm32f0xx_hal_gpio.o
                0x0000000008000d8c                HAL_GPIO_ReadPin
 .text.HAL_GPIO_WritePin
                0x0000000008000dc6       0x3a ./Drivers/STM32F0xx_HAL_Driver/Src/stm32f0xx_hal_gpio.o
                0x0000000008000dc6                HAL_GPIO_WritePin
 .text.HAL_RCC_OscConfig
                0x0000000008000e00      0x70c ./Drivers/STM32F0xx_HAL_Driver/Src/stm32f0xx_hal_rcc.o
                0x0000000008000e00                HAL_RCC_OscConfig
 .text.HAL_RCC_ClockConfig
                0x000000000800150c      0x1b4 ./Drivers/STM32F0xx_HAL_Driver/Src/stm32f0xx_hal_rcc.o
                0x000000000800150c                HAL_RCC_ClockConfig
 .text.HAL_RCC_GetSysClockFreq
                0x00000000080016c0      0x100 ./Drivers/STM32F0xx_HAL_Driver/Src/stm32f0xx_hal_rcc.o
                0x00000000080016c0                HAL_RCC_GetSysClockFreq
 .text.HAL_RCC_GetHCLKFreq
                0x00000000080017c0       0x14 ./Drivers/STM32F0xx_HAL_Driver/Src/stm32f0xx_hal_rcc.o
                0x00000000080017c0                HAL_RCC_GetHCLKFreq
 .text.HAL_RCC_GetPCLK1Freq
                0x00000000080017d4       0x2c ./Drivers/STM32F0xx_HAL_Driver/Src/stm32f0xx_hal_rcc.o
                0x00000000080017d4                HAL_RCC_GetPCLK1Freq
 .text.HAL_RCCEx_PeriphCLKConfig
                0x0000000008001800      0x1dc ./Drivers/STM32F0xx_HAL_Driver/Src/stm32f0xx_hal_rcc_ex.o
                0x0000000008001800                HAL_RCCEx_PeriphCLKConfig
 .text.HAL_SPI_Init
                0x00000000080019dc      0x170 ./Drivers/STM32F0xx_HAL_Driver/Src/stm32f0xx_hal_spi.o
                0x00000000080019dc                HAL_SPI_Init
 .text.HAL_SPI_Transmit
                0x0000000008001b4c      0x2b0 ./Drivers/STM32F0xx_HAL_Driver/Src/stm32f0xx_hal_spi.o
                0x0000000008001b4c                HAL_SPI_Transmit
 .text.SPI_WaitFlagStateUntilTimeout
                0x0000000008001dfc      0x11c ./Drivers/STM32F0xx_HAL_Driver/Src/stm32f0xx_hal_spi.o
 .text.SPI_WaitFifoStateUntilTimeout
                0x0000000008001f18      0x144 ./Drivers/STM32F0xx_HAL_Driver/Src/stm32f0xx_hal_spi.o
 .text.SPI_EndRxTxTransaction
                0x000000000800205c       0x8c ./Drivers/STM32F0xx_HAL_Driver/Src/stm32f0xx_hal_spi.o
 .text.HAL_UART_Init
                0x00000000080020e8       0xa8 ./Drivers/STM32F0xx_HAL_Driver/Src/stm32f0xx_hal_uart.o
                0x00000000080020e8                HAL_UART_Init
 .text.HAL_UART_IRQHandler
                0x0000000008002190      0x5b0 ./Drivers/STM32F0xx_HAL_Driver/Src/stm32f0xx_hal_uart.o
                0x0000000008002190                HAL_UART_IRQHandler
 .text.HAL_UART_TxCpltCallback
                0x0000000008002740       0x10 ./Drivers/STM32F0xx_HAL_Driver/Src/stm32f0xx_hal_uart.o
                0x0000000008002740                HAL_UART_TxCpltCallback
 .text.HAL_UART_ErrorCallback
                0x0000000008002750       0x10 ./Drivers/STM32F0xx_HAL_Driver/Src/stm32f0xx_hal_uart.o
                0x0000000008002750                HAL_UART_ErrorCallback
 .text.HAL_UARTEx_RxEventCallback
                0x0000000008002760       0x16 ./Drivers/STM32F0xx_HAL_Driver/Src/stm32f0xx_hal_uart.o
                0x0000000008002760                HAL_UARTEx_RxEventCallback
 *fill*         0x0000000008002776        0x2 
 .text.UART_SetConfig
                0x0000000008002778      0x280 ./Drivers/STM32F0xx_HAL_Driver/Src/stm32f0xx_hal_uart.o
                0x0000000008002778                UART_SetConfig
 .text.UART_AdvFeatureConfig
                0x00000000080029f8      0x168 ./Drivers/STM32F0xx_HAL_Driver/Src/stm32f0xx_hal_uart.o
                0x00000000080029f8                UART_AdvFeatureConfig
 .text.UART_CheckIdleState
                0x0000000008002b60       0x90 ./Drivers/STM32F0xx_HAL_Driver/Src/stm32f0xx_hal_uart.o
                0x0000000008002b60                UART_CheckIdleState
 .text.UART_WaitOnFlagUntilTimeout
                0x0000000008002bf0      0x188 ./Drivers/STM32F0xx_HAL_Driver/Src/stm32f0xx_hal_uart.o
                0x0000000008002bf0                UART_WaitOnFlagUntilTimeout
 .text.UART_EndRxTransfer
                0x0000000008002d78       0xc4 ./Drivers/STM32F0xx_HAL_Driver/Src/stm32f0xx_hal_uart.o
 .text.UART_DMAAbortOnError
                0x0000000008002e3c       0x2e ./Drivers/STM32F0xx_HAL_Driver/Src/stm32f0xx_hal_uart.o
 .text.UART_EndTransmit_IT
                0x0000000008002e6a       0x56 ./Drivers/STM32F0xx_HAL_Driver/Src/stm32f0xx_hal_uart.o
 .text.HAL_UARTEx_WakeupCallback
                0x0000000008002ec0       0x10 ./Drivers/STM32F0xx_HAL_Driver/Src/stm32f0xx_hal_uart_ex.o
                0x0000000008002ec0                HAL_UARTEx_WakeupCallback
 .text.AroundEdgeCube_Handle
                0x0000000008002ed0      0x11c ./Libs/around_edge_cube.o
                0x0000000008002ed0                AroundEdgeCube_Handle
 .text.AroundEdgeCube_Set_State
                0x0000000008002fec       0x44 ./Libs/around_edge_cube.o
                0x0000000008002fec                AroundEdgeCube_Set_State
 .text.Btn_press_short_Callback
                0x0000000008003030       0x16 ./Libs/button.o
                0x0000000008003030                Btn_press_short_Callback
 .text.Btn_release_Callback
                0x0000000008003046       0x16 ./Libs/button.o
                0x0000000008003046                Btn_release_Callback
 .text.Btn_press_timeout_Callback
                0x000000000800305c       0x16 ./Libs/button.o
                0x000000000800305c                Btn_press_timeout_Callback
 .text.Btn_Handle
                0x0000000008003072      0x11c ./Libs/button.o
                0x0000000008003072                Btn_Handle
 .text.Btn_Init
                0x000000000800318e       0x24 ./Libs/button.o
                0x000000000800318e                Btn_Init
 .text.clearCube
                0x00000000080031b2       0x6e ./Libs/clear_cube.o
                0x00000000080031b2                clearCube
 .text.CountDownCube_Handle
                0x0000000008003220      0x64c ./Libs/count_down_cube.o
                0x0000000008003220                CountDownCube_Handle
 .text.CountDownCube_Set_Sate
                0x000000000800386c       0x50 ./Libs/count_down_cube.o
                0x000000000800386c                CountDownCube_Set_Sate
 .text.DigitNine
                0x00000000080038bc      0x134 ./Libs/count_down_cube.o
                0x00000000080038bc                DigitNine
 .text.DigitEight
                0x00000000080039f0       0xa0 ./Libs/count_down_cube.o
                0x00000000080039f0                DigitEight
 .text.DigitSeven
                0x0000000008003a90       0xb8 ./Libs/count_down_cube.o
                0x0000000008003a90                DigitSeven
 .text.DigitSix
                0x0000000008003b48      0x168 ./Libs/count_down_cube.o
                0x0000000008003b48                DigitSix
 .text.DigitFive
                0x0000000008003cb0      0x168 ./Libs/count_down_cube.o
                0x0000000008003cb0                DigitFive
 .text.DigitFour
                0x0000000008003e18       0xf4 ./Libs/count_down_cube.o
                0x0000000008003e18                DigitFour
 .text.DigitThree
                0x0000000008003f0c      0x104 ./Libs/count_down_cube.o
                0x0000000008003f0c                DigitThree
 .text.DigitTwo
                0x0000000008004010      0x198 ./Libs/count_down_cube.o
                0x0000000008004010                DigitTwo
 .text.DigitOne
                0x00000000080041a8      0x168 ./Libs/count_down_cube.o
                0x00000000080041a8                DigitOne
 .text.DigitZero
                0x0000000008004310       0xd0 ./Libs/count_down_cube.o
                0x0000000008004310                DigitZero
 .text.DiagonalCube_Handle
                0x00000000080043e0      0x28c ./Libs/diagonal_cube.o
                0x00000000080043e0                DiagonalCube_Handle
 .text.DiagonalCube_Set_State
                0x000000000800466c       0x4c ./Libs/diagonal_cube.o
                0x000000000800466c                DiagonalCube_Set_State
 .text.GrowShrinkCube_Handle
                0x00000000080046b8      0x2d8 ./Libs/grow_shrink_cube.o
                0x00000000080046b8                GrowShrinkCube_Handle
 .text.GrowShrinkCube_Set_State
                0x0000000008004990       0x68 ./Libs/grow_shrink_cube.o
                0x0000000008004990                GrowShrinkCube_Set_State
 .text.Btn_press_Callback
                0x00000000080049f8       0x60 ./Libs/led_cube_handle.o
                0x00000000080049f8                Btn_press_Callback
 .text.Led_cube_Handle
                0x0000000008004a58      0x150 ./Libs/led_cube_handle.o
                0x0000000008004a58                Led_cube_Handle
 .text.lightCube
                0x0000000008004ba8       0x84 ./Libs/light_cube.o
                0x0000000008004ba8                lightCube
 .text.PlaneCube_Handle
                0x0000000008004c2c      0x400 ./Libs/plane_cube.o
                0x0000000008004c2c                PlaneCube_Handle
 .text.PlaneCube_Set_State
                0x000000000800502c       0x60 ./Libs/plane_cube.o
                0x000000000800502c                PlaneCube_Set_State
 .text.TransmitData
                0x000000000800508c       0x86 ./Libs/transmit_data.o
                0x000000000800508c                TransmitData
 *fill*         0x0000000008005112        0x2 
 .text.__libc_init_array
                0x0000000008005114       0x48 c:/st/stm32cubeide_1.9.0/stm32cubeide/plugins/com.st.stm32cube.ide.mcu.externaltools.gnu-tools-for-stm32.10.3-2021.10.win32_1.0.0.202111181127/tools/bin/../lib/gcc/arm-none-eabi/10.3.1/../../../../arm-none-eabi/lib/thumb/v6-m/nofp\libc_nano.a(lib_a-init.o)
                0x0000000008005114                __libc_init_array
 .text.memcpy   0x000000000800515c       0x12 c:/st/stm32cubeide_1.9.0/stm32cubeide/plugins/com.st.stm32cube.ide.mcu.externaltools.gnu-tools-for-stm32.10.3-2021.10.win32_1.0.0.202111181127/tools/bin/../lib/gcc/arm-none-eabi/10.3.1/../../../../arm-none-eabi/lib/thumb/v6-m/nofp\libc_nano.a(lib_a-memcpy-stub.o)
                0x000000000800515c                memcpy
 .text.memset   0x000000000800516e       0x10 c:/st/stm32cubeide_1.9.0/stm32cubeide/plugins/com.st.stm32cube.ide.mcu.externaltools.gnu-tools-for-stm32.10.3-2021.10.win32_1.0.0.202111181127/tools/bin/../lib/gcc/arm-none-eabi/10.3.1/../../../../arm-none-eabi/lib/thumb/v6-m/nofp\libc_nano.a(lib_a-memset.o)
                0x000000000800516e                memset
 *(.glue_7)
 .glue_7        0x000000000800517e        0x0 linker stubs
 *(.glue_7t)
 .glue_7t       0x000000000800517e        0x0 linker stubs
 *(.eh_frame)
 *fill*         0x000000000800517e        0x2 
 .eh_frame      0x0000000008005180        0x0 c:/st/stm32cubeide_1.9.0/stm32cubeide/plugins/com.st.stm32cube.ide.mcu.externaltools.gnu-tools-for-stm32.10.3-2021.10.win32_1.0.0.202111181127/tools/bin/../lib/gcc/arm-none-eabi/10.3.1/thumb/v6-m/nofp/crtbegin.o
 *(.init)
 .init          0x0000000008005180        0x4 c:/st/stm32cubeide_1.9.0/stm32cubeide/plugins/com.st.stm32cube.ide.mcu.externaltools.gnu-tools-for-stm32.10.3-2021.10.win32_1.0.0.202111181127/tools/bin/../lib/gcc/arm-none-eabi/10.3.1/thumb/v6-m/nofp/crti.o
                0x0000000008005180                _init
 .init          0x0000000008005184        0x8 c:/st/stm32cubeide_1.9.0/stm32cubeide/plugins/com.st.stm32cube.ide.mcu.externaltools.gnu-tools-for-stm32.10.3-2021.10.win32_1.0.0.202111181127/tools/bin/../lib/gcc/arm-none-eabi/10.3.1/thumb/v6-m/nofp/crtn.o
 *(.fini)
 .fini          0x000000000800518c        0x4 c:/st/stm32cubeide_1.9.0/stm32cubeide/plugins/com.st.stm32cube.ide.mcu.externaltools.gnu-tools-for-stm32.10.3-2021.10.win32_1.0.0.202111181127/tools/bin/../lib/gcc/arm-none-eabi/10.3.1/thumb/v6-m/nofp/crti.o
                0x000000000800518c                _fini
 .fini          0x0000000008005190        0x8 c:/st/stm32cubeide_1.9.0/stm32cubeide/plugins/com.st.stm32cube.ide.mcu.externaltools.gnu-tools-for-stm32.10.3-2021.10.win32_1.0.0.202111181127/tools/bin/../lib/gcc/arm-none-eabi/10.3.1/thumb/v6-m/nofp/crtn.o
                0x0000000008005198                . = ALIGN (0x4)
                0x0000000008005198                _etext = .

.vfp11_veneer   0x0000000008005198        0x0
 .vfp11_veneer  0x0000000008005198        0x0 linker stubs

.v4_bx          0x0000000008005198        0x0
 .v4_bx         0x0000000008005198        0x0 linker stubs

.iplt           0x0000000008005198        0x0
 .iplt          0x0000000008005198        0x0 c:/st/stm32cubeide_1.9.0/stm32cubeide/plugins/com.st.stm32cube.ide.mcu.externaltools.gnu-tools-for-stm32.10.3-2021.10.win32_1.0.0.202111181127/tools/bin/../lib/gcc/arm-none-eabi/10.3.1/thumb/v6-m/nofp/crtbegin.o

.rodata         0x0000000008005198       0x98
                0x0000000008005198                . = ALIGN (0x4)
 *(.rodata)
 .rodata        0x0000000008005198       0x20 ./Drivers/STM32F0xx_HAL_Driver/Src/stm32f0xx_hal_rcc.o
 *(.rodata*)
 .rodata.AHBPrescTable
                0x00000000080051b8       0x10 ./Core/Src/system_stm32f0xx.o
                0x00000000080051b8                AHBPrescTable
 .rodata.APBPrescTable
                0x00000000080051c8        0x8 ./Core/Src/system_stm32f0xx.o
                0x00000000080051c8                APBPrescTable
 .rodata.CountDownCube_Handle
                0x00000000080051d0       0x28 ./Libs/count_down_cube.o
 .rodata.Btn_press_Callback
                0x00000000080051f8       0x1c ./Libs/led_cube_handle.o
 .rodata.Led_cube_Handle
                0x0000000008005214       0x1c ./Libs/led_cube_handle.o
                0x0000000008005230                . = ALIGN (0x4)

.rel.dyn        0x0000000008005230        0x0
 .rel.iplt      0x0000000008005230        0x0 c:/st/stm32cubeide_1.9.0/stm32cubeide/plugins/com.st.stm32cube.ide.mcu.externaltools.gnu-tools-for-stm32.10.3-2021.10.win32_1.0.0.202111181127/tools/bin/../lib/gcc/arm-none-eabi/10.3.1/thumb/v6-m/nofp/crtbegin.o

.ARM.extab      0x0000000008005230        0x0
                0x0000000008005230                . = ALIGN (0x4)
 *(.ARM.extab* .gnu.linkonce.armextab.*)
                0x0000000008005230                . = ALIGN (0x4)

.ARM            0x0000000008005230        0x0
                0x0000000008005230                . = ALIGN (0x4)
                0x0000000008005230                __exidx_start = .
 *(.ARM.exidx*)
                0x0000000008005230                __exidx_end = .
                0x0000000008005230                . = ALIGN (0x4)

.preinit_array  0x0000000008005230        0x0
                0x0000000008005230                . = ALIGN (0x4)
                0x0000000008005230                PROVIDE (__preinit_array_start = .)
 *(.preinit_array*)
                0x0000000008005230                PROVIDE (__preinit_array_end = .)
                0x0000000008005230                . = ALIGN (0x4)

.init_array     0x0000000008005230        0x4
                0x0000000008005230                . = ALIGN (0x4)
                0x0000000008005230                PROVIDE (__init_array_start = .)
 *(SORT_BY_NAME(.init_array.*))
 *(.init_array*)
 .init_array    0x0000000008005230        0x4 c:/st/stm32cubeide_1.9.0/stm32cubeide/plugins/com.st.stm32cube.ide.mcu.externaltools.gnu-tools-for-stm32.10.3-2021.10.win32_1.0.0.202111181127/tools/bin/../lib/gcc/arm-none-eabi/10.3.1/thumb/v6-m/nofp/crtbegin.o
                0x0000000008005234                PROVIDE (__init_array_end = .)
                0x0000000008005234                . = ALIGN (0x4)

.fini_array     0x0000000008005234        0x4
                0x0000000008005234                . = ALIGN (0x4)
                [!provide]                        PROVIDE (__fini_array_start = .)
 *(SORT_BY_NAME(.fini_array.*))
 *(.fini_array*)
 .fini_array    0x0000000008005234        0x4 c:/st/stm32cubeide_1.9.0/stm32cubeide/plugins/com.st.stm32cube.ide.mcu.externaltools.gnu-tools-for-stm32.10.3-2021.10.win32_1.0.0.202111181127/tools/bin/../lib/gcc/arm-none-eabi/10.3.1/thumb/v6-m/nofp/crtbegin.o
                [!provide]                        PROVIDE (__fini_array_end = .)
                0x0000000008005238                . = ALIGN (0x4)
                0x0000000008005238                _sidata = LOADADDR (.data)

.data           0x0000000020000000       0x14 load address 0x0000000008005238
                0x0000000020000000                . = ALIGN (0x4)
                0x0000000020000000                _sdata = .
 *(.data)
 *(.data*)
 .data.SystemCoreClock
                0x0000000020000000        0x4 ./Core/Src/system_stm32f0xx.o
                0x0000000020000000                SystemCoreClock
 .data.uwTickPrio
                0x0000000020000004        0x4 ./Drivers/STM32F0xx_HAL_Driver/Src/stm32f0xx_hal.o
                0x0000000020000004                uwTickPrio
 .data.uwTickFreq
                0x0000000020000008        0x1 ./Drivers/STM32F0xx_HAL_Driver/Src/stm32f0xx_hal.o
                0x0000000020000008                uwTickFreq
 .data.w_number
                0x0000000020000009        0x1 ./Libs/count_down_cube.o
                0x0000000020000009                w_number
 *fill*         0x000000002000000a        0x2 
 .data.direction
                0x000000002000000c        0x4 ./Libs/count_down_cube.o
 .data.currentEffect
                0x0000000020000010        0x1 ./Libs/led_cube_handle.o
                0x0000000020000010                currentEffect
 *(.RamFunc)
 *(.RamFunc*)
                0x0000000020000014                . = ALIGN (0x4)
 *fill*         0x0000000020000011        0x3 
                0x0000000020000014                _edata = .

.igot.plt       0x0000000020000014        0x0 load address 0x000000000800524c
 .igot.plt      0x0000000020000014        0x0 c:/st/stm32cubeide_1.9.0/stm32cubeide/plugins/com.st.stm32cube.ide.mcu.externaltools.gnu-tools-for-stm32.10.3-2021.10.win32_1.0.0.202111181127/tools/bin/../lib/gcc/arm-none-eabi/10.3.1/thumb/v6-m/nofp/crtbegin.o
                0x0000000020000014                . = ALIGN (0x4)

.bss            0x0000000020000014      0x194 load address 0x000000000800524c
                0x0000000020000014                _sbss = .
                0x0000000020000014                __bss_start__ = _sbss
 *(.bss)
 .bss           0x0000000020000014       0x1c c:/st/stm32cubeide_1.9.0/stm32cubeide/plugins/com.st.stm32cube.ide.mcu.externaltools.gnu-tools-for-stm32.10.3-2021.10.win32_1.0.0.202111181127/tools/bin/../lib/gcc/arm-none-eabi/10.3.1/thumb/v6-m/nofp/crtbegin.o
 *(.bss*)
 .bss.hspi1     0x0000000020000030       0x64 ./Core/Src/main.o
                0x0000000020000030                hspi1
 .bss.huart1    0x0000000020000094       0x84 ./Core/Src/main.o
                0x0000000020000094                huart1
 .bss.button1   0x0000000020000118       0x18 ./Core/Src/main.o
                0x0000000020000118                button1
 .bss.uwTick    0x0000000020000130        0x4 ./Drivers/STM32F0xx_HAL_Driver/Src/stm32f0xx_hal.o
                0x0000000020000130                uwTick
 .bss.layer_around_edge
                0x0000000020000134        0x1 ./Libs/around_edge_cube.o
                0x0000000020000134                layer_around_edge
 *fill*         0x0000000020000135        0x3 
 .bss.column_around_edge
                0x0000000020000138        0x8 ./Libs/around_edge_cube.o
                0x0000000020000138                column_around_edge
 .bss.position_layer
                0x0000000020000140        0x1 ./Libs/around_edge_cube.o
                0x0000000020000140                position_layer
 .bss.layer_countdown
                0x0000000020000141        0x1 ./Libs/count_down_cube.o
                0x0000000020000141                layer_countdown
 *fill*         0x0000000020000142        0x2 
 .bss.column_countdown
                0x0000000020000144        0x8 ./Libs/count_down_cube.o
                0x0000000020000144                column_countdown
 .bss.time_start_countdown
                0x000000002000014c        0x4 ./Libs/count_down_cube.o
 .bss.i         0x0000000020000150        0x4 ./Libs/count_down_cube.o
 .bss.size_layer
                0x0000000020000154        0x1 ./Libs/diagonal_cube.o
                0x0000000020000154                size_layer
 .bss.layer_diagonal
                0x0000000020000155        0x1 ./Libs/diagonal_cube.o
 *fill*         0x0000000020000156        0x2 
 .bss.column_diagonal
                0x0000000020000158        0x8 ./Libs/diagonal_cube.o
 .bss.time_start
                0x0000000020000160        0x4 ./Libs/diagonal_cube.o
 .bss.size_cube
                0x0000000020000164        0x1 ./Libs/grow_shrink_cube.o
                0x0000000020000164                size_cube
 *fill*         0x0000000020000165        0x3 
 .bss.time_start
                0x0000000020000168        0x4 ./Libs/grow_shrink_cube.o
 .bss.column_growshrink
                0x000000002000016c       0x20 ./Libs/grow_shrink_cube.o
                0x000000002000016c                column_growshrink
 .bss.layer_growshrink
                0x000000002000018c        0x4 ./Libs/grow_shrink_cube.o
                0x000000002000018c                layer_growshrink
 .bss.way_state
                0x0000000020000190        0x1 ./Libs/plane_cube.o
                0x0000000020000190                way_state
 .bss.way       0x0000000020000191        0x1 ./Libs/plane_cube.o
 *fill*         0x0000000020000192        0x2 
 .bss.timer     0x0000000020000194        0x4 ./Libs/plane_cube.o
 .bss.layer_plane
                0x0000000020000198        0x1 ./Libs/plane_cube.o
                0x0000000020000198                layer_plane
 *fill*         0x0000000020000199        0x3 
 .bss.column_plane
                0x000000002000019c        0x8 ./Libs/plane_cube.o
 .bss.i         0x00000000200001a4        0x4 ./Libs/plane_cube.o
 *(COMMON)
                0x00000000200001a8                . = ALIGN (0x4)
                0x00000000200001a8                _ebss = .
                0x00000000200001a8                __bss_end__ = _ebss

._user_heap_stack
                0x00000000200001a8      0x600 load address 0x000000000800524c
                0x00000000200001a8                . = ALIGN (0x8)
                [!provide]                        PROVIDE (end = .)
                0x00000000200001a8                PROVIDE (_end = .)
                0x00000000200003a8                . = (. + _Min_Heap_Size)
 *fill*         0x00000000200001a8      0x200 
                0x00000000200007a8                . = (. + _Min_Stack_Size)
 *fill*         0x00000000200003a8      0x400 
                0x00000000200007a8                . = ALIGN (0x8)

/DISCARD/
 libc.a(*)
 libm.a(*)
 libgcc.a(*)

.ARM.attributes
                0x0000000000000000       0x28
 *(.ARM.attributes)
 .ARM.attributes
                0x0000000000000000       0x1e c:/st/stm32cubeide_1.9.0/stm32cubeide/plugins/com.st.stm32cube.ide.mcu.externaltools.gnu-tools-for-stm32.10.3-2021.10.win32_1.0.0.202111181127/tools/bin/../lib/gcc/arm-none-eabi/10.3.1/thumb/v6-m/nofp/crti.o
 .ARM.attributes
                0x000000000000001e       0x2c c:/st/stm32cubeide_1.9.0/stm32cubeide/plugins/com.st.stm32cube.ide.mcu.externaltools.gnu-tools-for-stm32.10.3-2021.10.win32_1.0.0.202111181127/tools/bin/../lib/gcc/arm-none-eabi/10.3.1/thumb/v6-m/nofp/crtbegin.o
 .ARM.attributes
                0x000000000000004a       0x2c ./Core/Src/main.o
 .ARM.attributes
                0x0000000000000076       0x2c ./Core/Src/stm32f0xx_hal_msp.o
 .ARM.attributes
                0x00000000000000a2       0x2c ./Core/Src/stm32f0xx_it.o
 .ARM.attributes
                0x00000000000000ce       0x2c ./Core/Src/system_stm32f0xx.o
 .ARM.attributes
                0x00000000000000fa       0x21 ./Core/Startup/startup_stm32f042f6px.o
 .ARM.attributes
                0x000000000000011b       0x2c ./Drivers/STM32F0xx_HAL_Driver/Src/stm32f0xx_hal.o
 .ARM.attributes
                0x0000000000000147       0x2c ./Drivers/STM32F0xx_HAL_Driver/Src/stm32f0xx_hal_cortex.o
 .ARM.attributes
                0x0000000000000173       0x2c ./Drivers/STM32F0xx_HAL_Driver/Src/stm32f0xx_hal_dma.o
 .ARM.attributes
                0x000000000000019f       0x2c ./Drivers/STM32F0xx_HAL_Driver/Src/stm32f0xx_hal_gpio.o
 .ARM.attributes
                0x00000000000001cb       0x2c ./Drivers/STM32F0xx_HAL_Driver/Src/stm32f0xx_hal_rcc.o
 .ARM.attributes
                0x00000000000001f7       0x2c ./Drivers/STM32F0xx_HAL_Driver/Src/stm32f0xx_hal_rcc_ex.o
 .ARM.attributes
                0x0000000000000223       0x2c ./Drivers/STM32F0xx_HAL_Driver/Src/stm32f0xx_hal_spi.o
 .ARM.attributes
                0x000000000000024f       0x2c ./Drivers/STM32F0xx_HAL_Driver/Src/stm32f0xx_hal_uart.o
 .ARM.attributes
                0x000000000000027b       0x2c ./Drivers/STM32F0xx_HAL_Driver/Src/stm32f0xx_hal_uart_ex.o
 .ARM.attributes
                0x00000000000002a7       0x2c ./Libs/around_edge_cube.o
 .ARM.attributes
                0x00000000000002d3       0x2c ./Libs/button.o
 .ARM.attributes
                0x00000000000002ff       0x2c ./Libs/clear_cube.o
 .ARM.attributes
                0x000000000000032b       0x2c ./Libs/count_down_cube.o
 .ARM.attributes
                0x0000000000000357       0x2c ./Libs/diagonal_cube.o
 .ARM.attributes
                0x0000000000000383       0x2c ./Libs/grow_shrink_cube.o
 .ARM.attributes
                0x00000000000003af       0x2c ./Libs/led_cube_handle.o
 .ARM.attributes
                0x00000000000003db       0x2c ./Libs/light_cube.o
 .ARM.attributes
                0x0000000000000407       0x2c ./Libs/plane_cube.o
 .ARM.attributes
                0x0000000000000433       0x2c ./Libs/transmit_data.o
 .ARM.attributes
                0x000000000000045f       0x2c c:/st/stm32cubeide_1.9.0/stm32cubeide/plugins/com.st.stm32cube.ide.mcu.externaltools.gnu-tools-for-stm32.10.3-2021.10.win32_1.0.0.202111181127/tools/bin/../lib/gcc/arm-none-eabi/10.3.1/../../../../arm-none-eabi/lib/thumb/v6-m/nofp\libc_nano.a(lib_a-init.o)
 .ARM.attributes
                0x000000000000048b       0x2c c:/st/stm32cubeide_1.9.0/stm32cubeide/plugins/com.st.stm32cube.ide.mcu.externaltools.gnu-tools-for-stm32.10.3-2021.10.win32_1.0.0.202111181127/tools/bin/../lib/gcc/arm-none-eabi/10.3.1/../../../../arm-none-eabi/lib/thumb/v6-m/nofp\libc_nano.a(lib_a-memcpy-stub.o)
 .ARM.attributes
                0x00000000000004b7       0x2c c:/st/stm32cubeide_1.9.0/stm32cubeide/plugins/com.st.stm32cube.ide.mcu.externaltools.gnu-tools-for-stm32.10.3-2021.10.win32_1.0.0.202111181127/tools/bin/../lib/gcc/arm-none-eabi/10.3.1/../../../../arm-none-eabi/lib/thumb/v6-m/nofp\libc_nano.a(lib_a-memset.o)
 .ARM.attributes
                0x00000000000004e3       0x1e c:/st/stm32cubeide_1.9.0/stm32cubeide/plugins/com.st.stm32cube.ide.mcu.externaltools.gnu-tools-for-stm32.10.3-2021.10.win32_1.0.0.202111181127/tools/bin/../lib/gcc/arm-none-eabi/10.3.1/thumb/v6-m/nofp\libgcc.a(_udivsi3.o)
 .ARM.attributes
                0x0000000000000501       0x1e c:/st/stm32cubeide_1.9.0/stm32cubeide/plugins/com.st.stm32cube.ide.mcu.externaltools.gnu-tools-for-stm32.10.3-2021.10.win32_1.0.0.202111181127/tools/bin/../lib/gcc/arm-none-eabi/10.3.1/thumb/v6-m/nofp\libgcc.a(_dvmd_tls.o)
 .ARM.attributes
                0x000000000000051f       0x1e c:/st/stm32cubeide_1.9.0/stm32cubeide/plugins/com.st.stm32cube.ide.mcu.externaltools.gnu-tools-for-stm32.10.3-2021.10.win32_1.0.0.202111181127/tools/bin/../lib/gcc/arm-none-eabi/10.3.1/thumb/v6-m/nofp/crtn.o
OUTPUT(cube8.elf elf32-littlearm)
LOAD linker stubs
LOAD c:/st/stm32cubeide_1.9.0/stm32cubeide/plugins/com.st.stm32cube.ide.mcu.externaltools.gnu-tools-for-stm32.10.3-2021.10.win32_1.0.0.202111181127/tools/bin/../lib/gcc/arm-none-eabi/10.3.1/../../../../arm-none-eabi/lib/thumb/v6-m/nofp\libc.a
LOAD c:/st/stm32cubeide_1.9.0/stm32cubeide/plugins/com.st.stm32cube.ide.mcu.externaltools.gnu-tools-for-stm32.10.3-2021.10.win32_1.0.0.202111181127/tools/bin/../lib/gcc/arm-none-eabi/10.3.1/../../../../arm-none-eabi/lib/thumb/v6-m/nofp\libm.a
LOAD c:/st/stm32cubeide_1.9.0/stm32cubeide/plugins/com.st.stm32cube.ide.mcu.externaltools.gnu-tools-for-stm32.10.3-2021.10.win32_1.0.0.202111181127/tools/bin/../lib/gcc/arm-none-eabi/10.3.1/thumb/v6-m/nofp\libgcc.a

.debug_info     0x0000000000000000     0xfa3c
 .debug_info    0x0000000000000000     0x1033 ./Core/Src/main.o
 .debug_info    0x0000000000001033      0xd9c ./Core/Src/stm32f0xx_hal_msp.o
 .debug_info    0x0000000000001dcf      0x6d3 ./Core/Src/stm32f0xx_it.o
 .debug_info    0x00000000000024a2      0x269 ./Core/Src/system_stm32f0xx.o
 .debug_info    0x000000000000270b       0x22 ./Core/Startup/startup_stm32f042f6px.o
 .debug_info    0x000000000000272d      0x6d3 ./Drivers/STM32F0xx_HAL_Driver/Src/stm32f0xx_hal.o
 .debug_info    0x0000000000002e00      0x705 ./Drivers/STM32F0xx_HAL_Driver/Src/stm32f0xx_hal_cortex.o
 .debug_info    0x0000000000003505      0x75c ./Drivers/STM32F0xx_HAL_Driver/Src/stm32f0xx_hal_dma.o
 .debug_info    0x0000000000003c61      0x628 ./Drivers/STM32F0xx_HAL_Driver/Src/stm32f0xx_hal_gpio.o
 .debug_info    0x0000000000004289      0x8ac ./Drivers/STM32F0xx_HAL_Driver/Src/stm32f0xx_hal_rcc.o
 .debug_info    0x0000000000004b35      0x640 ./Drivers/STM32F0xx_HAL_Driver/Src/stm32f0xx_hal_rcc_ex.o
 .debug_info    0x0000000000005175     0x1781 ./Drivers/STM32F0xx_HAL_Driver/Src/stm32f0xx_hal_spi.o
 .debug_info    0x00000000000068f6     0x3c16 ./Drivers/STM32F0xx_HAL_Driver/Src/stm32f0xx_hal_uart.o
 .debug_info    0x000000000000a50c      0xcbc ./Drivers/STM32F0xx_HAL_Driver/Src/stm32f0xx_hal_uart_ex.o
 .debug_info    0x000000000000b1c8      0x732 ./Libs/around_edge_cube.o
 .debug_info    0x000000000000b8fa      0x3ad ./Libs/button.o
 .debug_info    0x000000000000bca7      0x631 ./Libs/clear_cube.o
 .debug_info    0x000000000000c2d8      0x9c1 ./Libs/count_down_cube.o
 .debug_info    0x000000000000cc99      0x7fd ./Libs/diagonal_cube.o
 .debug_info    0x000000000000d496      0x7db ./Libs/grow_shrink_cube.o
 .debug_info    0x000000000000dc71      0x803 ./Libs/led_cube_handle.o
 .debug_info    0x000000000000e474      0x648 ./Libs/light_cube.o
 .debug_info    0x000000000000eabc      0x7fa ./Libs/plane_cube.o
 .debug_info    0x000000000000f2b6      0x786 ./Libs/transmit_data.o

.debug_abbrev   0x0000000000000000     0x2caf
 .debug_abbrev  0x0000000000000000      0x25c ./Core/Src/main.o
 .debug_abbrev  0x000000000000025c      0x1b2 ./Core/Src/stm32f0xx_hal_msp.o
 .debug_abbrev  0x000000000000040e      0x15f ./Core/Src/stm32f0xx_it.o
 .debug_abbrev  0x000000000000056d      0x116 ./Core/Src/system_stm32f0xx.o
 .debug_abbrev  0x0000000000000683       0x12 ./Core/Startup/startup_stm32f042f6px.o
 .debug_abbrev  0x0000000000000695      0x23f ./Drivers/STM32F0xx_HAL_Driver/Src/stm32f0xx_hal.o
 .debug_abbrev  0x00000000000008d4      0x283 ./Drivers/STM32F0xx_HAL_Driver/Src/stm32f0xx_hal_cortex.o
 .debug_abbrev  0x0000000000000b57      0x218 ./Drivers/STM32F0xx_HAL_Driver/Src/stm32f0xx_hal_dma.o
 .debug_abbrev  0x0000000000000d6f      0x1bb ./Drivers/STM32F0xx_HAL_Driver/Src/stm32f0xx_hal_gpio.o
 .debug_abbrev  0x0000000000000f2a      0x283 ./Drivers/STM32F0xx_HAL_Driver/Src/stm32f0xx_hal_rcc.o
 .debug_abbrev  0x00000000000011ad      0x1d0 ./Drivers/STM32F0xx_HAL_Driver/Src/stm32f0xx_hal_rcc_ex.o
 .debug_abbrev  0x000000000000137d      0x254 ./Drivers/STM32F0xx_HAL_Driver/Src/stm32f0xx_hal_spi.o
 .debug_abbrev  0x00000000000015d1      0x2ba ./Drivers/STM32F0xx_HAL_Driver/Src/stm32f0xx_hal_uart.o
 .debug_abbrev  0x000000000000188b      0x291 ./Drivers/STM32F0xx_HAL_Driver/Src/stm32f0xx_hal_uart_ex.o
 .debug_abbrev  0x0000000000001b1c      0x1b8 ./Libs/around_edge_cube.o
 .debug_abbrev  0x0000000000001cd4      0x181 ./Libs/button.o
 .debug_abbrev  0x0000000000001e55      0x17e ./Libs/clear_cube.o
 .debug_abbrev  0x0000000000001fd3      0x256 ./Libs/count_down_cube.o
 .debug_abbrev  0x0000000000002229      0x1e5 ./Libs/diagonal_cube.o
 .debug_abbrev  0x000000000000240e      0x1ee ./Libs/grow_shrink_cube.o
 .debug_abbrev  0x00000000000025fc      0x1a9 ./Libs/led_cube_handle.o
 .debug_abbrev  0x00000000000027a5      0x17e ./Libs/light_cube.o
 .debug_abbrev  0x0000000000002923      0x1ee ./Libs/plane_cube.o
 .debug_abbrev  0x0000000000002b11      0x19e ./Libs/transmit_data.o

.debug_aranges  0x0000000000000000      0xad8
 .debug_aranges
                0x0000000000000000       0x48 ./Core/Src/main.o
 .debug_aranges
                0x0000000000000048       0x40 ./Core/Src/stm32f0xx_hal_msp.o
 .debug_aranges
                0x0000000000000088       0x48 ./Core/Src/stm32f0xx_it.o
 .debug_aranges
                0x00000000000000d0       0x28 ./Core/Src/system_stm32f0xx.o
 .debug_aranges
                0x00000000000000f8       0x28 ./Core/Startup/startup_stm32f042f6px.o
 .debug_aranges
                0x0000000000000120       0xd0 ./Drivers/STM32F0xx_HAL_Driver/Src/stm32f0xx_hal.o
 .debug_aranges
                0x00000000000001f0       0xc0 ./Drivers/STM32F0xx_HAL_Driver/Src/stm32f0xx_hal_cortex.o
 .debug_aranges
                0x00000000000002b0       0x88 ./Drivers/STM32F0xx_HAL_Driver/Src/stm32f0xx_hal_dma.o
 .debug_aranges
                0x0000000000000338       0x58 ./Drivers/STM32F0xx_HAL_Driver/Src/stm32f0xx_hal_gpio.o
 .debug_aranges
                0x0000000000000390       0x80 ./Drivers/STM32F0xx_HAL_Driver/Src/stm32f0xx_hal_rcc.o
 .debug_aranges
                0x0000000000000410       0x78 ./Drivers/STM32F0xx_HAL_Driver/Src/stm32f0xx_hal_rcc_ex.o
 .debug_aranges
                0x0000000000000488      0x1d8 ./Drivers/STM32F0xx_HAL_Driver/Src/stm32f0xx_hal_spi.o
 .debug_aranges
                0x0000000000000660      0x228 ./Drivers/STM32F0xx_HAL_Driver/Src/stm32f0xx_hal_uart.o
 .debug_aranges
                0x0000000000000888       0x68 ./Drivers/STM32F0xx_HAL_Driver/Src/stm32f0xx_hal_uart_ex.o
 .debug_aranges
                0x00000000000008f0       0x28 ./Libs/around_edge_cube.o
 .debug_aranges
                0x0000000000000918       0x48 ./Libs/button.o
 .debug_aranges
                0x0000000000000960       0x20 ./Libs/clear_cube.o
 .debug_aranges
                0x0000000000000980       0x78 ./Libs/count_down_cube.o
 .debug_aranges
                0x00000000000009f8       0x28 ./Libs/diagonal_cube.o
 .debug_aranges
                0x0000000000000a20       0x28 ./Libs/grow_shrink_cube.o
 .debug_aranges
                0x0000000000000a48       0x28 ./Libs/led_cube_handle.o
 .debug_aranges
                0x0000000000000a70       0x20 ./Libs/light_cube.o
 .debug_aranges
                0x0000000000000a90       0x28 ./Libs/plane_cube.o
 .debug_aranges
                0x0000000000000ab8       0x20 ./Libs/transmit_data.o

.debug_ranges   0x0000000000000000      0x990
 .debug_ranges  0x0000000000000000       0x38 ./Core/Src/main.o
 .debug_ranges  0x0000000000000038       0x30 ./Core/Src/stm32f0xx_hal_msp.o
 .debug_ranges  0x0000000000000068       0x38 ./Core/Src/stm32f0xx_it.o
 .debug_ranges  0x00000000000000a0       0x18 ./Core/Src/system_stm32f0xx.o
 .debug_ranges  0x00000000000000b8       0x20 ./Core/Startup/startup_stm32f042f6px.o
 .debug_ranges  0x00000000000000d8       0xc0 ./Drivers/STM32F0xx_HAL_Driver/Src/stm32f0xx_hal.o
 .debug_ranges  0x0000000000000198       0xb0 ./Drivers/STM32F0xx_HAL_Driver/Src/stm32f0xx_hal_cortex.o
 .debug_ranges  0x0000000000000248       0x78 ./Drivers/STM32F0xx_HAL_Driver/Src/stm32f0xx_hal_dma.o
 .debug_ranges  0x00000000000002c0       0x48 ./Drivers/STM32F0xx_HAL_Driver/Src/stm32f0xx_hal_gpio.o
 .debug_ranges  0x0000000000000308       0x70 ./Drivers/STM32F0xx_HAL_Driver/Src/stm32f0xx_hal_rcc.o
 .debug_ranges  0x0000000000000378       0x68 ./Drivers/STM32F0xx_HAL_Driver/Src/stm32f0xx_hal_rcc_ex.o
 .debug_ranges  0x00000000000003e0      0x1c8 ./Drivers/STM32F0xx_HAL_Driver/Src/stm32f0xx_hal_spi.o
 .debug_ranges  0x00000000000005a8      0x248 ./Drivers/STM32F0xx_HAL_Driver/Src/stm32f0xx_hal_uart.o
 .debug_ranges  0x00000000000007f0       0x58 ./Drivers/STM32F0xx_HAL_Driver/Src/stm32f0xx_hal_uart_ex.o
 .debug_ranges  0x0000000000000848       0x18 ./Libs/around_edge_cube.o
 .debug_ranges  0x0000000000000860       0x38 ./Libs/button.o
 .debug_ranges  0x0000000000000898       0x10 ./Libs/clear_cube.o
 .debug_ranges  0x00000000000008a8       0x68 ./Libs/count_down_cube.o
 .debug_ranges  0x0000000000000910       0x18 ./Libs/diagonal_cube.o
 .debug_ranges  0x0000000000000928       0x18 ./Libs/grow_shrink_cube.o
 .debug_ranges  0x0000000000000940       0x18 ./Libs/led_cube_handle.o
 .debug_ranges  0x0000000000000958       0x10 ./Libs/light_cube.o
 .debug_ranges  0x0000000000000968       0x18 ./Libs/plane_cube.o
 .debug_ranges  0x0000000000000980       0x10 ./Libs/transmit_data.o

.debug_macro    0x0000000000000000    0x19d5c
 .debug_macro   0x0000000000000000      0x310 ./Core/Src/main.o
 .debug_macro   0x0000000000000310      0xa4e ./Core/Src/main.o
 .debug_macro   0x0000000000000d5e      0x133 ./Core/Src/main.o
 .debug_macro   0x0000000000000e91       0x2e ./Core/Src/main.o
 .debug_macro   0x0000000000000ebf       0x22 ./Core/Src/main.o
 .debug_macro   0x0000000000000ee1       0x22 ./Core/Src/main.o
 .debug_macro   0x0000000000000f03       0x8e ./Core/Src/main.o
 .debug_macro   0x0000000000000f91       0x51 ./Core/Src/main.o
 .debug_macro   0x0000000000000fe2      0x103 ./Core/Src/main.o
 .debug_macro   0x00000000000010e5       0x6a ./Core/Src/main.o
 .debug_macro   0x000000000000114f      0x1df ./Core/Src/main.o
 .debug_macro   0x000000000000132e       0x1c ./Core/Src/main.o
 .debug_macro   0x000000000000134a       0x22 ./Core/Src/main.o
 .debug_macro   0x000000000000136c       0xaf ./Core/Src/main.o
 .debug_macro   0x000000000000141b      0x391 ./Core/Src/main.o
 .debug_macro   0x00000000000017ac     0xf1ed ./Core/Src/main.o
 .debug_macro   0x0000000000010999       0x66 ./Core/Src/main.o
 .debug_macro   0x00000000000109ff     0x34a6 ./Core/Src/main.o
 .debug_macro   0x0000000000013ea5      0x174 ./Core/Src/main.o
 .debug_macro   0x0000000000014019       0x55 ./Core/Src/main.o
 .debug_macro   0x000000000001406e      0x946 ./Core/Src/main.o
 .debug_macro   0x00000000000149b4      0x46b ./Core/Src/main.o
 .debug_macro   0x0000000000014e1f      0x1af ./Core/Src/main.o
 .debug_macro   0x0000000000014fce      0x130 ./Core/Src/main.o
 .debug_macro   0x00000000000150fe      0x199 ./Core/Src/main.o
 .debug_macro   0x0000000000015297      0x1ed ./Core/Src/main.o
 .debug_macro   0x0000000000015484       0x34 ./Core/Src/main.o
 .debug_macro   0x00000000000154b8       0x43 ./Core/Src/main.o
 .debug_macro   0x00000000000154fb       0x28 ./Core/Src/main.o
 .debug_macro   0x0000000000015523       0xb0 ./Core/Src/main.o
 .debug_macro   0x00000000000155d3      0x182 ./Core/Src/main.o
 .debug_macro   0x0000000000015755      0x22c ./Core/Src/main.o
 .debug_macro   0x0000000000015981       0x61 ./Core/Src/main.o
 .debug_macro   0x00000000000159e2       0xa5 ./Core/Src/main.o
 .debug_macro   0x0000000000015a87       0x4c ./Core/Src/main.o
 .debug_macro   0x0000000000015ad3      0x15b ./Core/Src/main.o
 .debug_macro   0x0000000000015c2e      0x2fe ./Core/Src/main.o
 .debug_macro   0x0000000000015f2c      0x5a5 ./Core/Src/main.o
 .debug_macro   0x00000000000164d1       0x44 ./Core/Src/main.o
 .debug_macro   0x0000000000016515      0x12e ./Core/Src/main.o
 .debug_macro   0x0000000000016643       0x10 ./Core/Src/main.o
 .debug_macro   0x0000000000016653       0x18 ./Core/Src/main.o
 .debug_macro   0x000000000001666b       0x52 ./Core/Src/main.o
 .debug_macro   0x00000000000166bd       0x3c ./Core/Src/main.o
 .debug_macro   0x00000000000166f9       0x34 ./Core/Src/main.o
 .debug_macro   0x000000000001672d       0x16 ./Core/Src/main.o
 .debug_macro   0x0000000000016743       0x35 ./Core/Src/main.o
 .debug_macro   0x0000000000016778       0x16 ./Core/Src/main.o
 .debug_macro   0x000000000001678e       0x43 ./Core/Src/main.o
 .debug_macro   0x00000000000167d1       0x34 ./Core/Src/main.o
 .debug_macro   0x0000000000016805       0x10 ./Core/Src/main.o
 .debug_macro   0x0000000000016815       0x58 ./Core/Src/main.o
 .debug_macro   0x000000000001686d       0x71 ./Core/Src/main.o
 .debug_macro   0x00000000000168de       0x1c ./Core/Src/main.o
 .debug_macro   0x00000000000168fa      0x12a ./Core/Src/main.o
 .debug_macro   0x0000000000016a24      0x341 ./Core/Src/main.o
 .debug_macro   0x0000000000016d65       0x16 ./Core/Src/main.o
 .debug_macro   0x0000000000016d7b       0x29 ./Core/Src/main.o
 .debug_macro   0x0000000000016da4      0x1d2 ./Core/Src/stm32f0xx_hal_msp.o
 .debug_macro   0x0000000000016f76      0x1dc ./Core/Src/stm32f0xx_it.o
 .debug_macro   0x0000000000017152      0x1c3 ./Core/Src/system_stm32f0xx.o
 .debug_macro   0x0000000000017315      0x1e7 ./Drivers/STM32F0xx_HAL_Driver/Src/stm32f0xx_hal.o
 .debug_macro   0x00000000000174fc      0x1c3 ./Drivers/STM32F0xx_HAL_Driver/Src/stm32f0xx_hal_cortex.o
 .debug_macro   0x00000000000176bf      0x1c3 ./Drivers/STM32F0xx_HAL_Driver/Src/stm32f0xx_hal_dma.o
 .debug_macro   0x0000000000017882      0x1ca ./Drivers/STM32F0xx_HAL_Driver/Src/stm32f0xx_hal_gpio.o
 .debug_macro   0x0000000000017a4c      0x1d5 ./Drivers/STM32F0xx_HAL_Driver/Src/stm32f0xx_hal_rcc.o
 .debug_macro   0x0000000000017c21      0x1d5 ./Drivers/STM32F0xx_HAL_Driver/Src/stm32f0xx_hal_rcc_ex.o
 .debug_macro   0x0000000000017df6      0x1cb ./Drivers/STM32F0xx_HAL_Driver/Src/stm32f0xx_hal_spi.o
 .debug_macro   0x0000000000017fc1      0x1e0 ./Drivers/STM32F0xx_HAL_Driver/Src/stm32f0xx_hal_uart.o
 .debug_macro   0x00000000000181a1      0x1c3 ./Drivers/STM32F0xx_HAL_Driver/Src/stm32f0xx_hal_uart_ex.o
 .debug_macro   0x0000000000018364      0x314 ./Libs/around_edge_cube.o
 .debug_macro   0x0000000000018678      0x1dc ./Libs/button.o
 .debug_macro   0x0000000000018854      0x1e6 ./Libs/clear_cube.o
 .debug_macro   0x0000000000018a3a      0x314 ./Libs/count_down_cube.o
 .debug_macro   0x0000000000018d4e      0x314 ./Libs/diagonal_cube.o
 .debug_macro   0x0000000000019062      0x314 ./Libs/grow_shrink_cube.o
 .debug_macro   0x0000000000019376      0x310 ./Libs/led_cube_handle.o
 .debug_macro   0x0000000000019686      0x1e6 ./Libs/light_cube.o
 .debug_macro   0x000000000001986c      0x314 ./Libs/plane_cube.o
 .debug_macro   0x0000000000019b80      0x1dc ./Libs/transmit_data.o

.debug_line     0x0000000000000000    0x11b0a
 .debug_line    0x0000000000000000      0xa6c ./Core/Src/main.o
 .debug_line    0x0000000000000a6c      0x770 ./Core/Src/stm32f0xx_hal_msp.o
 .debug_line    0x00000000000011dc      0x750 ./Core/Src/stm32f0xx_it.o
 .debug_line    0x000000000000192c      0x75b ./Core/Src/system_stm32f0xx.o
 .debug_line    0x0000000000002087       0x9b ./Core/Startup/startup_stm32f042f6px.o
 .debug_line    0x0000000000002122      0x94e ./Drivers/STM32F0xx_HAL_Driver/Src/stm32f0xx_hal.o
 .debug_line    0x0000000000002a70      0x9fa ./Drivers/STM32F0xx_HAL_Driver/Src/stm32f0xx_hal_cortex.o
 .debug_line    0x000000000000346a      0xc6a ./Drivers/STM32F0xx_HAL_Driver/Src/stm32f0xx_hal_dma.o
 .debug_line    0x00000000000040d4      0xab8 ./Drivers/STM32F0xx_HAL_Driver/Src/stm32f0xx_hal_gpio.o
 .debug_line    0x0000000000004b8c      0xddd ./Drivers/STM32F0xx_HAL_Driver/Src/stm32f0xx_hal_rcc.o
 .debug_line    0x0000000000005969      0xb8c ./Drivers/STM32F0xx_HAL_Driver/Src/stm32f0xx_hal_rcc_ex.o
 .debug_line    0x00000000000064f5     0x1e63 ./Drivers/STM32F0xx_HAL_Driver/Src/stm32f0xx_hal_spi.o
 .debug_line    0x0000000000008358     0x2c71 ./Drivers/STM32F0xx_HAL_Driver/Src/stm32f0xx_hal_uart.o
 .debug_line    0x000000000000afc9      0xb9c ./Drivers/STM32F0xx_HAL_Driver/Src/stm32f0xx_hal_uart_ex.o
 .debug_line    0x000000000000bb65      0x99f ./Libs/around_edge_cube.o
 .debug_line    0x000000000000c504      0x7cb ./Libs/button.o
 .debug_line    0x000000000000cccf      0x705 ./Libs/clear_cube.o
 .debug_line    0x000000000000d3d4      0xfa1 ./Libs/count_down_cube.o
 .debug_line    0x000000000000e375      0xa7f ./Libs/diagonal_cube.o
 .debug_line    0x000000000000edf4      0xace ./Libs/grow_shrink_cube.o
 .debug_line    0x000000000000f8c2      0x92c ./Libs/led_cube_handle.o
 .debug_line    0x00000000000101ee      0x72e ./Libs/light_cube.o
 .debug_line    0x000000000001091c      0xaee ./Libs/plane_cube.o
 .debug_line    0x000000000001140a      0x700 ./Libs/transmit_data.o

.debug_str      0x0000000000000000    0x8aec5
 .debug_str     0x0000000000000000    0x8896c ./Core/Src/main.o
                                      0x88c7c (size before relaxing)
 .debug_str     0x000000000008896c      0x20e ./Core/Src/stm32f0xx_hal_msp.o
                                      0x85b48 (size before relaxing)
 .debug_str     0x0000000000088b7a       0xa8 ./Core/Src/stm32f0xx_it.o
                                      0x8571c (size before relaxing)
 .debug_str     0x0000000000088c22       0x8b ./Core/Src/system_stm32f0xx.o
                                      0x8530e (size before relaxing)
 .debug_str     0x0000000000088cad       0x36 ./Core/Startup/startup_stm32f042f6px.o
                                         0x70 (size before relaxing)
 .debug_str     0x0000000000088ce3      0x37a ./Drivers/STM32F0xx_HAL_Driver/Src/stm32f0xx_hal.o
                                      0x858bd (size before relaxing)
 .debug_str     0x000000000008905d      0x197 ./Drivers/STM32F0xx_HAL_Driver/Src/stm32f0xx_hal_cortex.o
                                      0x856ae (size before relaxing)
 .debug_str     0x00000000000891f4      0x24d ./Drivers/STM32F0xx_HAL_Driver/Src/stm32f0xx_hal_dma.o
                                      0x856b4 (size before relaxing)
 .debug_str     0x0000000000089441      0x104 ./Drivers/STM32F0xx_HAL_Driver/Src/stm32f0xx_hal_gpio.o
                                      0x854af (size before relaxing)
 .debug_str     0x0000000000089545      0x21a ./Drivers/STM32F0xx_HAL_Driver/Src/stm32f0xx_hal_rcc.o
                                      0x85755 (size before relaxing)
 .debug_str     0x000000000008975f      0x2c7 ./Drivers/STM32F0xx_HAL_Driver/Src/stm32f0xx_hal_rcc_ex.o
                                      0x856f8 (size before relaxing)
 .debug_str     0x0000000000089a26      0x56e ./Drivers/STM32F0xx_HAL_Driver/Src/stm32f0xx_hal_spi.o
                                      0x85c7e (size before relaxing)
 .debug_str     0x0000000000089f94      0x843 ./Drivers/STM32F0xx_HAL_Driver/Src/stm32f0xx_hal_uart.o
                                      0x8604a (size before relaxing)
 .debug_str     0x000000000008a7d7      0x19e ./Drivers/STM32F0xx_HAL_Driver/Src/stm32f0xx_hal_uart_ex.o
                                      0x85961 (size before relaxing)
 .debug_str     0x000000000008a975       0xb7 ./Libs/around_edge_cube.o
                                      0x886ed (size before relaxing)
 .debug_str     0x000000000008aa2c       0x72 ./Libs/button.o
                                      0x8540c (size before relaxing)
 .debug_str     0x000000000008aa9e       0x26 ./Libs/clear_cube.o
                                      0x856b1 (size before relaxing)
 .debug_str     0x000000000008aac4      0x18e ./Libs/count_down_cube.o
                                      0x887dd (size before relaxing)
 .debug_str     0x000000000008ac52       0xaf ./Libs/diagonal_cube.o
                                      0x88705 (size before relaxing)
 .debug_str     0x000000000008ad01       0xcf ./Libs/grow_shrink_cube.o
                                      0x8872e (size before relaxing)
 .debug_str     0x000000000008add0       0x54 ./Libs/led_cube_handle.o
                                      0x887ad (size before relaxing)
 .debug_str     0x000000000008ae24       0x15 ./Libs/light_cube.o
                                      0x856b1 (size before relaxing)
 .debug_str     0x000000000008ae39       0x55 ./Libs/plane_cube.o
                                      0x886c9 (size before relaxing)
 .debug_str     0x000000000008ae8e       0x37 ./Libs/transmit_data.o
                                      0x85763 (size before relaxing)

.comment        0x0000000000000000       0x50
 .comment       0x0000000000000000       0x50 ./Core/Src/main.o
                                         0x51 (size before relaxing)
 .comment       0x0000000000000050       0x51 ./Core/Src/stm32f0xx_hal_msp.o
 .comment       0x0000000000000050       0x51 ./Core/Src/stm32f0xx_it.o
 .comment       0x0000000000000050       0x51 ./Core/Src/system_stm32f0xx.o
 .comment       0x0000000000000050       0x51 ./Drivers/STM32F0xx_HAL_Driver/Src/stm32f0xx_hal.o
 .comment       0x0000000000000050       0x51 ./Drivers/STM32F0xx_HAL_Driver/Src/stm32f0xx_hal_cortex.o
 .comment       0x0000000000000050       0x51 ./Drivers/STM32F0xx_HAL_Driver/Src/stm32f0xx_hal_dma.o
 .comment       0x0000000000000050       0x51 ./Drivers/STM32F0xx_HAL_Driver/Src/stm32f0xx_hal_gpio.o
 .comment       0x0000000000000050       0x51 ./Drivers/STM32F0xx_HAL_Driver/Src/stm32f0xx_hal_rcc.o
 .comment       0x0000000000000050       0x51 ./Drivers/STM32F0xx_HAL_Driver/Src/stm32f0xx_hal_rcc_ex.o
 .comment       0x0000000000000050       0x51 ./Drivers/STM32F0xx_HAL_Driver/Src/stm32f0xx_hal_spi.o
 .comment       0x0000000000000050       0x51 ./Drivers/STM32F0xx_HAL_Driver/Src/stm32f0xx_hal_uart.o
 .comment       0x0000000000000050       0x51 ./Drivers/STM32F0xx_HAL_Driver/Src/stm32f0xx_hal_uart_ex.o
 .comment       0x0000000000000050       0x51 ./Libs/around_edge_cube.o
 .comment       0x0000000000000050       0x51 ./Libs/button.o
 .comment       0x0000000000000050       0x51 ./Libs/clear_cube.o
 .comment       0x0000000000000050       0x51 ./Libs/count_down_cube.o
 .comment       0x0000000000000050       0x51 ./Libs/diagonal_cube.o
 .comment       0x0000000000000050       0x51 ./Libs/grow_shrink_cube.o
 .comment       0x0000000000000050       0x51 ./Libs/led_cube_handle.o
 .comment       0x0000000000000050       0x51 ./Libs/light_cube.o
 .comment       0x0000000000000050       0x51 ./Libs/plane_cube.o
 .comment       0x0000000000000050       0x51 ./Libs/transmit_data.o

.debug_frame    0x0000000000000000     0x2418
 .debug_frame   0x0000000000000000       0xc8 ./Core/Src/main.o
 .debug_frame   0x00000000000000c8       0xb0 ./Core/Src/stm32f0xx_hal_msp.o
 .debug_frame   0x0000000000000178       0xb8 ./Core/Src/stm32f0xx_it.o
 .debug_frame   0x0000000000000230       0x4c ./Core/Src/system_stm32f0xx.o
 .debug_frame   0x000000000000027c      0x2a4 ./Drivers/STM32F0xx_HAL_Driver/Src/stm32f0xx_hal.o
 .debug_frame   0x0000000000000520      0x2a0 ./Drivers/STM32F0xx_HAL_Driver/Src/stm32f0xx_hal_cortex.o
 .debug_frame   0x00000000000007c0      0x1d0 ./Drivers/STM32F0xx_HAL_Driver/Src/stm32f0xx_hal_dma.o
 .debug_frame   0x0000000000000990      0x110 ./Drivers/STM32F0xx_HAL_Driver/Src/stm32f0xx_hal_gpio.o
 .debug_frame   0x0000000000000aa0      0x198 ./Drivers/STM32F0xx_HAL_Driver/Src/stm32f0xx_hal_rcc.o
 .debug_frame   0x0000000000000c38      0x180 ./Drivers/STM32F0xx_HAL_Driver/Src/stm32f0xx_hal_rcc_ex.o
 .debug_frame   0x0000000000000db8      0x710 ./Drivers/STM32F0xx_HAL_Driver/Src/stm32f0xx_hal_spi.o
 .debug_frame   0x00000000000014c8      0x850 ./Drivers/STM32F0xx_HAL_Driver/Src/stm32f0xx_hal_uart.o
 .debug_frame   0x0000000000001d18      0x158 ./Drivers/STM32F0xx_HAL_Driver/Src/stm32f0xx_hal_uart_ex.o
 .debug_frame   0x0000000000001e70       0x58 ./Libs/around_edge_cube.o
 .debug_frame   0x0000000000001ec8       0xd4 ./Libs/button.o
 .debug_frame   0x0000000000001f9c       0x38 ./Libs/clear_cube.o
 .debug_frame   0x0000000000001fd4      0x1e8 ./Libs/count_down_cube.o
 .debug_frame   0x00000000000021bc       0x58 ./Libs/diagonal_cube.o
 .debug_frame   0x0000000000002214       0x58 ./Libs/grow_shrink_cube.o
 .debug_frame   0x000000000000226c       0x58 ./Libs/led_cube_handle.o
 .debug_frame   0x00000000000022c4       0x38 ./Libs/light_cube.o
 .debug_frame   0x00000000000022fc       0x58 ./Libs/plane_cube.o
 .debug_frame   0x0000000000002354       0x30 ./Libs/transmit_data.o
 .debug_frame   0x0000000000002384       0x2c c:/st/stm32cubeide_1.9.0/stm32cubeide/plugins/com.st.stm32cube.ide.mcu.externaltools.gnu-tools-for-stm32.10.3-2021.10.win32_1.0.0.202111181127/tools/bin/../lib/gcc/arm-none-eabi/10.3.1/../../../../arm-none-eabi/lib/thumb/v6-m/nofp\libc_nano.a(lib_a-init.o)
 .debug_frame   0x00000000000023b0       0x28 c:/st/stm32cubeide_1.9.0/stm32cubeide/plugins/com.st.stm32cube.ide.mcu.externaltools.gnu-tools-for-stm32.10.3-2021.10.win32_1.0.0.202111181127/tools/bin/../lib/gcc/arm-none-eabi/10.3.1/../../../../arm-none-eabi/lib/thumb/v6-m/nofp\libc_nano.a(lib_a-memcpy-stub.o)
 .debug_frame   0x00000000000023d8       0x20 c:/st/stm32cubeide_1.9.0/stm32cubeide/plugins/com.st.stm32cube.ide.mcu.externaltools.gnu-tools-for-stm32.10.3-2021.10.win32_1.0.0.202111181127/tools/bin/../lib/gcc/arm-none-eabi/10.3.1/../../../../arm-none-eabi/lib/thumb/v6-m/nofp\libc_nano.a(lib_a-memset.o)
 .debug_frame   0x00000000000023f8       0x20 c:/st/stm32cubeide_1.9.0/stm32cubeide/plugins/com.st.stm32cube.ide.mcu.externaltools.gnu-tools-for-stm32.10.3-2021.10.win32_1.0.0.202111181127/tools/bin/../lib/gcc/arm-none-eabi/10.3.1/thumb/v6-m/nofp\libgcc.a(_udivsi3.o)
