../Core/Src/main.c:77:6:HAL_GPIO_EXTI_Callback	16	static
../Core/Src/main.c:87:6:TransmitData	16	static
../Core/Src/main.c:94:6:mergeData	24	static
../Core/Src/main.c:103:6:lightCube	16	static
../Core/Src/main.c:117:6:clearCube	16	static
../Core/Src/main.c:128:6:upperCube	16	static
../Core/Src/main.c:143:6:diagonalCube	24	static
../Core/Src/main.c:186:6:sliderCube	16	static
../Core/Src/main.c:201:6:randomRainCube	56	static
../Core/Src/main.c:226:6:growShrinkCube	72	static
../Core/Src/main.c:249:6:aroundEdgeCube	16	static
../Core/Src/main.c:273:6:diaedgeCube	24	static
../Core/Src/main.c:320:6:numberingCube	64	static
../Core/Src/main.c:659:6:torusCube	16	static
../Core/Src/main.c:689:5:main	8	static
../Core/Src/main.c:768:6:SystemClock_Config	88	static
../Core/Src/main.c:806:13:MX_SPI1_Init	8	static
../Core/Src/main.c:846:13:MX_GPIO_Init	48	static
../Core/Src/main.c:884:6:Error_Handler	8	static,ignoring_inline_asm
