../Core/Src/main.c:76:6:HAL_GPIO_EXTI_Callback	16	static
../Core/Src/main.c:86:6:TransmitData	16	static
../Core/Src/main.c:93:6:mergeData	24	static
../Core/Src/main.c:102:6:lightCube	16	static
../Core/Src/main.c:113:6:clearCube	16	static
../Core/Src/main.c:124:6:upperCube	16	static
../Core/Src/main.c:139:6:diagonalCube	24	static
../Core/Src/main.c:182:6:sliderCube	16	static
../Core/Src/main.c:197:6:randomRainCube	48	static
../Core/Src/main.c:229:6:growShrinkCube	72	static
../Core/Src/main.c:252:6:aroundEdgeCube	16	static
../Core/Src/main.c:276:6:diaedgeCube	24	static
../Core/Src/main.c:403:6:numberingCube	64	static
../Core/Src/main.c:748:5:main	8	static
../Core/Src/main.c:825:6:SystemClock_Config	88	static
../Core/Src/main.c:863:13:MX_SPI1_Init	8	static
../Core/Src/main.c:903:13:MX_GPIO_Init	48	static
../Core/Src/main.c:941:6:Error_Handler	8	static,ignoring_inline_asm
